/architecture_top_level/baud_val_s i:ident_hs_baud_val_s
/architecture_top_level/bit8_s i:ident_hs_bit8_s
/architecture_top_level/csn_s i:ident_hs_csn_s
/architecture_top_level/data_in_s i:ident_hs_data_in_s
/architecture_top_level/data_out_s i:ident_hs_data_out_s
/architecture_top_level/framing_err_s i:ident_hs_framing_err_s
/architecture_top_level/odd_n_even_s i:ident_hs_odd_n_even_s
/architecture_top_level/oen_s i:ident_hs_oen_s
/architecture_top_level/overflow_s i:ident_hs_overflow_s
/architecture_top_level/parity_en_s i:ident_hs_parity_en_s
/architecture_top_level/parity_err_s i:ident_hs_parity_err_s
/architecture_top_level/rxrdy_s i:ident_hs_rxrdy_s
/architecture_top_level/txrdy_s i:ident_hs_txrdy_s
/architecture_top_level/uart_i/rx i:uart_i.ident_hs_RX
/architecture_top_level/uart_i/rxrdy i:uart_i.ident_hs_RXRDY
/architecture_top_level/uart_i/tx i:uart_i.ident_hs_TX
/architecture_top_level/uart_reader_i/data_in i:uart_reader_i.ident_hs_DATA_IN
/architecture_top_level/uart_reader_i/data_out i:uart_reader_i.ident_hs_DATA_OUT
/architecture_top_level/uart_reader_i/framing_err i:uart_reader_i.ident_hs_FRAMING_ERR
/architecture_top_level/uart_reader_i/led1 i:uart_reader_i.ident_hs_LED1
/architecture_top_level/uart_reader_i/led2 i:uart_reader_i.ident_hs_LED2
/architecture_top_level/uart_reader_i/led3 i:uart_reader_i.ident_hs_LED3
/architecture_top_level/uart_reader_i/led4 i:uart_reader_i.ident_hs_LED4
/architecture_top_level/uart_reader_i/oen i:uart_reader_i.ident_hs_OEN
/architecture_top_level/uart_reader_i/overflow i:uart_reader_i.ident_hs_OVERFLOW
/architecture_top_level/uart_reader_i/parity_err i:uart_reader_i.ident_hs_PARITY_ERR
/architecture_top_level/uart_reader_i/rst i:uart_reader_i.ident_hs_RST
/architecture_top_level/uart_reader_i/rxrdy i:uart_reader_i.ident_hs_RXRDY
/architecture_top_level/uart_reader_i/txrdy i:uart_reader_i.ident_hs_TXRDY
/architecture_top_level/uart_reader_i/wen i:uart_reader_i.ident_hs_WEN
/architecture_top_level/wen_s i:ident_hs_wen_s
/rx i:ident_hs_rx
/tx i:ident_hs_tx
