----------------------------------------------------------------
-Pin Report - Date: Wed Nov  9 12:12:03 2022 Pinchecksum: NOT-AVAILABLE
-Product: Designer
-Release: v2022.2
-Version: 2022.2.0.10
-Design Name: top_level
-Family: PolarFire
-Die: MPF300T
-Package: FCG1152
-----------------------------------------------------------------

Port             |Pin  |Fixed |Function                    |Bank     |I/O Std   |Direction    |Used I/O Reg       |User I/O Lock Down |Clamp Diode   |Resistor Pull                     |Use I/O Calibration from the lane |Schmitt Trigger |Vcm Input Range    |On Die Termination |Odt Value (Ohm) |Input Delay |Slew              |Output Drive (mA) |Impedance (ohm)  |Output Load (pF)         |Source Termination (Ohm) |Output Delay |
-----------------|-----|------|----------------------------|---------|----------|-------------|-------------------|-------------------|--------------|----------------------------------|----------------------------------|----------------|-------------------|-------------------|----------------|------------|------------------|------------------|-----------------|-------------------------|-------------------------|-------------|
atck              J10   Fixed  TCK                          ---       
atdi              K11   Fixed  TDI                          ---       
atdo              K9    Fixed  TDO                          ---       
atms              J9    Fixed  TMS                          ---       
atrstb            N14   Fixed  TRSTB                        ---       
clk               AL26  Yes    HSIO72PB1/CCC_NE_CLKIN_N_11  Bank1     LVCMOS18   Input         None                No                  ON             Up                                 No                                 OFF              ---                 OFF                 120              OFF          ---                ---                ---               ---                       ---                       ---           
data_out[0]       G9    Yes    GPIO6PB2/CLKIN_S_4           Bank2     LVCMOS18   Output        None                No                  ON             None                               No                                 ---              ---                 ---                 120              ---          OFF                8                  ---               5                         ---                       OFF           
data_out[1]       F9    Yes    GPIO6NB2                     Bank2     LVCMOS18   Output        None                No                  ON             None                               No                                 ---              ---                 ---                 120              ---          OFF                8                  ---               5                         ---                       OFF           
data_out[2]       H13   Yes    GPIO1PB2                     Bank2     LVCMOS18   Output        None                No                  ON             None                               No                                 ---              ---                 ---                 120              ---          OFF                8                  ---               5                         ---                       OFF           
data_out[3]       H12   Yes    GPIO1NB2                     Bank2     LVCMOS18   Output        None                No                  ON             None                               No                                 ---              ---                 ---                 120              ---          OFF                8                  ---               5                         ---                       OFF           
data_out[4]       H14   Yes    GPIO3PB2                     Bank2     LVCMOS18   Output        None                No                  ON             None                               No                                 ---              ---                 ---                 120              ---          OFF                8                  ---               5                         ---                       OFF           
data_out[5]       G14   Yes    GPIO3NB2                     Bank2     LVCMOS18   Output        None                No                  ON             None                               No                                 ---              ---                 ---                 120              ---          OFF                8                  ---               5                         ---                       OFF           
data_out[6]       E10   Yes    GPIO20PB2/DQS                Bank2     LVCMOS18   Output        None                No                  ON             None                               No                                 ---              ---                 ---                 120              ---          OFF                8                  ---               5                         ---                       OFF           
data_out[7]       E11   Yes    GPIO20NB2/DQS                Bank2     LVCMOS18   Output        None                No                  ON             None                               No                                 ---              ---                 ---                 120              ---          OFF                8                  ---               5                         ---                       OFF           
framing_err_out   G10   Yes    GPIO21PB2                    Bank2     LVCMOS18   Output        None                No                  ON             None                               No                                 ---              ---                 ---                 120              ---          OFF                8                  ---               5                         ---                       OFF           
LED1              G17   Yes    HSIO37NB6                    Bank6     LVCMOS18   Output        None                No                  ON             None                               No                                 ---              ---                 ---                 120              ---          OFF                8                  ---               5                         ---                       OFF           
LED2              K23   Yes    HSIO54PB6                    Bank6     LVCMOS18   Output        None                No                  ON             None                               No                                 ---              ---                 ---                 120              ---          OFF                8                  ---               5                         ---                       OFF           
LED3              L23   Yes    HSIO54NB6                    Bank6     LVCMOS18   Output        None                No                  ON             None                               No                                 ---              ---                 ---                 120              ---          OFF                8                  ---               5                         ---                       OFF           
LED4              B25   Yes    HSIO68NB6/DQS                Bank6     LVCMOS18   Output        None                No                  ON             None                               No                                 ---              ---                 ---                 120              ---          OFF                8                  ---               5                         ---                       OFF           
overflow_err_out  F10   Yes    GPIO21NB2                    Bank2     LVCMOS18   Output        None                No                  ON             None                               No                                 ---              ---                 ---                 120              ---          OFF                8                  ---               5                         ---                       OFF           
parity_err_out    G5    Yes    GPIO11PB2/CLKIN_S_7          Bank2     LVCMOS18   Output        None                No                  ON             None                               No                                 ---              ---                 ---                 120              ---          OFF                8                  ---               5                         ---                       OFF           
rstn              AL27  Yes    HSIO72NB1                    Bank1     LVCMOS18   Input         None                No                  ON             Up                                 No                                 OFF              ---                 OFF                 120              OFF          ---                ---                ---               ---                       ---                       ---           
rx                AL24  Yes    HSIO83NB1                    Bank1     LVCMOS18   Input         None                No                  ON             Up                                 No                                 OFF              ---                 OFF                 120              OFF          ---                ---                ---               ---                       ---                       ---           
rxrdy_out         F5    Yes    GPIO11NB2                    Bank2     LVCMOS18   Output        None                No                  ON             None                               No                                 ---              ---                 ---                 120              ---          OFF                8                  ---               5                         ---                       OFF           
tx                AL23  Yes    HSIO83PB1                    Bank1     LVCMOS18   Output        None                No                  ON             None                               No                                 ---              ---                 ---                 120              ---          OFF                8                  ---               5                         ---                       OFF           
txrdy_out         J14   Yes    GPIO2PB2/DQS                 Bank2     LVCMOS18   Output        None                No                  ON             None                               No                                 ---              ---                 ---                 120              ---          OFF                8                  ---               5                         ---                       OFF           
